Microsoft Windows [Version 10.0.26100.4652]
(c) Microsoft Corporation. All rights reserved.

C:\Users\5dhan>cd "C:\Users\5dhan\OneDrive\Desktop\JAVA"

C:\Users\5dhan\OneDrive\Desktop\JAVA>javac Reverse.java

C:\Users\5dhan\OneDrive\Desktop\JAVA>javac Reverse.java

C:\Users\5dhan\OneDrive\Desktop\JAVA>java Reverse
Enter a number:432
Reversed number234
C:\Users\5dhan\OneDrive\Desktop\JAVA>javac HCF.java

C:\Users\5dhan\OneDrive\Desktop\JAVA>java HCF
Enter a number num1:
36
Enter a number num2:
60
HCF of 36 and 60 is: 12

C:\Users\5dhan\OneDrive\Desktop\JAVA>javac MultipleOfThree.java
error: file not found: MultipleOfThree.java
Usage: javac <options> <source files>
use --help for a list of possible options

C:\Users\5dhan\OneDrive\Desktop\JAVA>javac MultiplesOfThree.java

C:\Users\5dhan\OneDrive\Desktop\JAVA>java MultiplesOfThree
Number of multiples of 3 between 20 and 80: 20

C:\Users\5dhan\OneDrive\Desktop\JAVA>javac LargestPalindrome.java

C:\Users\5dhan\OneDrive\Desktop\JAVA>java LargestPalindrome
The largest palindrome number is 999

C:\Users\5dhan\OneDrive\Desktop\JAVA>javac Fibonacci.java

C:\Users\5dhan\OneDrive\Desktop\JAVA>java Fibonacci
Enter number of terms to printed in Fibonacci sequence:
5
The First 5terms of the Fibonacci sequence are
0 1 1 2 3
C:\Users\5dhan\OneDrive\Desktop\JAVA>javac ProductOfODD.java

C:\Users\5dhan\OneDrive\Desktop\JAVA>java ProductOfODD
The product of all odd numbers from 1 to 50 are 58435841445947272053455474390625

C:\Users\5dhan\OneDrive\Desktop\JAVA>javac Student.java

C:\Users\5dhan\OneDrive\Desktop\JAVA>java Student
Enter student name: Sam
Enter roll number: 3
Enter number of subjects: 3
Enter mark for subject 1: 80
Enter mark for subject 2: 90
Enter mark for subject 3: 86

--- Student Details ---
Name       : Sam
Roll Number: 3
Marks      : 80 90 86
Total Marks: 256
Percentage : 85.33%
Grade      : A

C:\Users\5dhan\OneDrive\Desktop\JAVA>javac ShapeCalculator.java

C:\Users\5dhan\OneDrive\Desktop\JAVA>java ShapeCalculator
Enter radius of circle: 2
Circle Area: 12.57
Circle Perimeter: 12.57

Enter length of rectangle: 2
Enter width of rectangle: 4
Rectangle Area: 8.00
Rectangle Perimeter: 12.00

Enter side A of triangle: 3
Enter side B of triangle: 3
Enter side C of triangle: 3
Triangle Area: 3.90
Triangle Perimeter: 9.00

C:\Users\5dhan\OneDrive\Desktop\JAVA>javac Calculator.java

C:\Users\5dhan\OneDrive\Desktop\JAVA>java Calculator

--- Calculator Menu ---
1. Addition
2. Subtraction
3. Multiplication
4. Division
5. Exit
Enter your choice: 1
Enter two numbers: 24
12
Result = 36.0

--- Calculator Menu ---
1. Addition
2. Subtraction
3. Multiplication
4. Division
5. Exit
Enter your choice: 2
Enter two numbers: 24
12
Result = 12.0

--- Calculator Menu ---
1. Addition
2. Subtraction
3. Multiplication
4. Division
5. Exit
Enter your choice: 3
Enter two numbers: 12
24
Result = 288.0

--- Calculator Menu ---
1. Addition
2. Subtraction
3. Multiplication
4. Division
5. Exit
Enter your choice: 4
Enter two numbers: 32
2
Result = 16.0

--- Calculator Menu ---
1. Addition
2. Subtraction
3. Multiplication
4. Division
5. Exit
Enter your choice: 5
Exiting calculator. Goodbye!

C:\Users\5dhan\OneDrive\Desktop\JAVA>
